donsahu@LIN24004412 MINGW64 ~
$ cd desktop

donsahu@LIN24004412 MINGW64 ~/desktop
$ mkdir Assignments

donsahu@LIN24004412 MINGW64 ~/desktop
$ cd Assignments

donsahu@LIN24004412 MINGW64 ~/desktop/Assignments
$ touch README.txt

donsahu@LIN24004412 MINGW64 ~/desktop/Assignments
$ git add .
fatal: not a git repository (or any of the parent directories): .git

donsahu@LIN24004412 MINGW64 ~/desktop/Assignments
$ git init
Initialized empty Git repository in C:/Users/DONSAHU/Desktop/Assignments/.git/

donsahu@LIN24004412 MINGW64 ~/desktop/Assignments (master)
$ git add .

donsahu@LIN24004412 MINGW64 ~/desktop/Assignments (master)
$ git commit -m "Commit 1"
[master (root-commit) 4102c98] Commit 1
 Committer: Sahu <donald.a.sahu@capgemini.com>
Your name and email address were configured automatically based
on your username and hostname. Please check that they are accurate.
You can suppress this message by setting them explicitly:

    git config --global user.name "Your Name"
    git config --global user.email you@example.com

After doing this, you may fix the identity used for this commit with:

    git commit --amend --reset-author

 1 file changed, 4 insertions(+)
 create mode 100644 README.txt

donsahu@LIN24004412 MINGW64 ~/desktop/Assignments (master)
$ git status
On branch master
nothing to commit, working tree clean

donsahu@LIN24004412 MINGW64 ~/desktop/Assignments (master)
$ git checkout -b html-assignments
Switched to a new branch 'html-assignments'

donsahu@LIN24004412 MINGW64 ~/desktop/Assignments (html-assignments)
$ git checkout master README.txt
Updated 0 paths from b5c1f17

donsahu@LIN24004412 MINGW64 ~/desktop/Assignments (html-assignments)
$ git status
On branch html-assignments
nothing to commit, working tree clean

donsahu@LIN24004412 MINGW64 ~/desktop/Assignments (html-assignments)
$ touch test.txt

donsahu@LIN24004412 MINGW64 ~/desktop/Assignments (html-assignments)
$ git checkout master
Switched to branch 'master'

donsahu@LIN24004412 MINGW64 ~/desktop/Assignments (master)
$ git checkout html-assignments
Switched to branch 'html-assignments'

donsahu@LIN24004412 MINGW64 ~/desktop/Assignments (html-assignments)
$ git status
On branch html-assignments
Untracked files:
  (use "git add <file>..." to include in what will be committed)
        test.txt

nothing added to commit but untracked files present (use "git add" to track)

donsahu@LIN24004412 MINGW64 ~/desktop/Assignments (html-assignments)
$ git add .

donsahu@LIN24004412 MINGW64 ~/desktop/Assignments (html-assignments)
$ git commit -m"Commit 2 Files copied"
[html-assignments a600a70] Commit 2 Files copied
 Committer: Sahu <donald.a.sahu@capgemini.com>
Your name and email address were configured automatically based
on your username and hostname. Please check that they are accurate.
You can suppress this message by setting them explicitly:

    git config --global user.name "Your Name"
    git config --global user.email you@example.com

After doing this, you may fix the identity used for this commit with:

    git commit --amend --reset-author

 1 file changed, 0 insertions(+), 0 deletions(-)
 create mode 100644 test.txt

donsahu@LIN24004412 MINGW64 ~/desktop/Assignments (html-assignments)
$ git status
On branch html-assignments
nothing to commit, working tree clean

donsahu@LIN24004412 MINGW64 ~/desktop/Assignments (html-assignments)
$ git checkout master
Switched to branch 'master'

donsahu@LIN24004412 MINGW64 ~/desktop/Assignments (master)
$ git checkout html-assignments
Switched to branch 'html-assignments'

donsahu@LIN24004412 MINGW64 ~/desktop/Assignments (html-assignments)
$ git status
On branch html-assignments
Changes not staged for commit:
  (use "git add <file>..." to update what will be committed)
  (use "git restore <file>..." to discard changes in working directory)
        modified:   README.txt

no changes added to commit (use "git add" and/or "git commit -a")

donsahu@LIN24004412 MINGW64 ~/desktop/Assignments (html-assignments)
$ git commit -a -m"Commit 3"
[html-assignments e70f85b] Commit 3
 Committer: Sahu <donald.a.sahu@capgemini.com>
Your name and email address were configured automatically based
on your username and hostname. Please check that they are accurate.
You can suppress this message by setting them explicitly:

    git config --global user.name "Your Name"
    git config --global user.email you@example.com

After doing this, you may fix the identity used for this commit with:

    git commit --amend --reset-author

 1 file changed, 2 insertions(+), 1 deletion(-)

donsahu@LIN24004412 MINGW64 ~/desktop/Assignments (html-assignments)
$ git status
On branch html-assignments
nothing to commit, working tree clean

donsahu@LIN24004412 MINGW64 ~/desktop/Assignments (html-assignments)
$ git checkout master
Switched to branch 'master'

donsahu@LIN24004412 MINGW64 ~/desktop/Assignments (master)
$ git status
On branch master
Changes not staged for commit:
  (use "git add <file>..." to update what will be committed)
  (use "git restore <file>..." to discard changes in working directory)
        modified:   README.txt

no changes added to commit (use "git add" and/or "git commit -a")

donsahu@LIN24004412 MINGW64 ~/desktop/Assignments (master)
$ git commit -a -m"Commit 4 master"
[master 3a0f6f7] Commit 4 master
 Committer: Sahu <donald.a.sahu@capgemini.com>
Your name and email address were configured automatically based
on your username and hostname. Please check that they are accurate.
You can suppress this message by setting them explicitly:

    git config --global user.name "Your Name"
    git config --global user.email you@example.com

After doing this, you may fix the identity used for this commit with:

    git commit --amend --reset-author

 1 file changed, 2 insertions(+), 1 deletion(-)

donsahu@LIN24004412 MINGW64 ~/desktop/Assignments (master)
$ git status
On branch master
nothing to commit, working tree clean

donsahu@LIN24004412 MINGW64 ~/desktop/Assignments (master)
$ git checkout html-assignments
Switched to branch 'html-assignments'

donsahu@LIN24004412 MINGW64 ~/desktop/Assignments (html-assignments)
$ git status
On branch html-assignments
Changes not staged for commit:
  (use "git add <file>..." to update what will be committed)
  (use "git restore <file>..." to discard changes in working directory)
        modified:   test.txt

no changes added to commit (use "git add" and/or "git commit -a")

donsahu@LIN24004412 MINGW64 ~/desktop/Assignments (html-assignments)
$ git commit -a -m"Commit 5 html-assignment"
[html-assignments adcb56c] Commit 5 html-assignment
 Committer: Sahu <donald.a.sahu@capgemini.com>
Your name and email address were configured automatically based
on your username and hostname. Please check that they are accurate.
You can suppress this message by setting them explicitly:

    git config --global user.name "Your Name"
    git config --global user.email you@example.com

After doing this, you may fix the identity used for this commit with:

    git commit --amend --reset-author

 1 file changed, 1 insertion(+)

donsahu@LIN24004412 MINGW64 ~/desktop/Assignments (html-assignments)
$ git status
On branch html-assignments
nothing to commit, working tree clean

donsahu@LIN24004412 MINGW64 ~/desktop/Assignments (html-assignments)
$ git checkout master
Switched to branch 'master'

donsahu@LIN24004412 MINGW64 ~/desktop/Assignments (master)
$ git merge html-assignments
Auto-merging README.txt
CONFLICT (content): Merge conflict in README.txt
Automatic merge failed; fix conflicts and then commit the result.

donsahu@LIN24004412 MINGW64 ~/desktop/Assignments (master|MERGING)
$ git add HEAD
fatal: pathspec 'HEAD' did not match any files

donsahu@LIN24004412 MINGW64 ~/desktop/Assignments (master|MERGING)
$ git add README.txt

donsahu@LIN24004412 MINGW64 ~/desktop/Assignments (master|MERGING)
$ git status
On branch master
All conflicts fixed but you are still merging.
  (use "git commit" to conclude merge)

Changes to be committed:
        modified:   README.txt
        new file:   test.txt


donsahu@LIN24004412 MINGW64 ~/desktop/Assignments (master|MERGING)
$ git commit -a -m"Commit 6 Merged"
[master b9e6266] Commit 6 Merged
 Committer: Sahu <donald.a.sahu@capgemini.com>
Your name and email address were configured automatically based
on your username and hostname. Please check that they are accurate.
You can suppress this message by setting them explicitly:

    git config --global user.name "Your Name"
    git config --global user.email you@example.com

After doing this, you may fix the identity used for this commit with:

    git commit --amend --reset-author


donsahu@LIN24004412 MINGW64 ~/desktop/Assignments (master)
$ git status
On branch master
nothing to commit, working tree clean

donsahu@LIN24004412 MINGW64 ~/desktop/Assignments (master)
$ git branch --merged
  html-assignments
* master

donsahu@LIN24004412 MINGW64 ~/desktop/Assignments (master)
$ git branch -d html-assignment
error: branch 'html-assignment' not found.

donsahu@LIN24004412 MINGW64 ~/desktop/Assignments (master)
$ git branch -d html-assignments
Deleted branch html-assignments (was adcb56c).
